// Jest Snapshot v1, https://goo.gl/fbAQLP

exports[`button Basic usage 1`] = `
<bolt-button size="medium"
             color="primary"
             width="auto"
             border-radius="regular"
             align="center"
             transform="none"
>
  <button class="c-bolt-button c-bolt-button--medium c-bolt-button--primary c-bolt-button--border-radius-regular c-bolt-button--center"
          is="shadow-root"
  >
    <replace-with-children class="c-bolt-button__icon is-empty">
    </replace-with-children>
    <replace-with-children class="c-bolt-button__item">
      This is a button
    </replace-with-children>
    <replace-with-children class="c-bolt-button__icon is-empty">
    </replace-with-children>
  </button>
</bolt-button>
`;

exports[`button Button adds target if passed via attributes 1`] = `
<bolt-button size="medium"
             color="primary"
             width="auto"
             border-radius="regular"
             align="center"
             transform="none"
             url="http://pega.com"
             target="_blank"
>
  <a href="http://pega.com"
     target="_blank"
     class="c-bolt-button c-bolt-button--medium c-bolt-button--primary c-bolt-button--border-radius-regular c-bolt-button--center"
     is="shadow-root"
  >
    <replace-with-children class="c-bolt-button__icon is-empty">
    </replace-with-children>
    <replace-with-children class="c-bolt-button__item">
      This is a button
    </replace-with-children>
    <replace-with-children class="c-bolt-button__icon is-empty">
    </replace-with-children>
  </a>
</bolt-button>
`;

exports[`button Button tag: a 1`] = `
<bolt-button size="medium"
             color="primary"
             width="auto"
             border-radius="regular"
             align="center"
             transform="none"
>
  <a class="c-bolt-button c-bolt-button--medium c-bolt-button--primary c-bolt-button--border-radius-regular c-bolt-button--center"
     is="shadow-root"
  >
    <replace-with-children class="c-bolt-button__icon is-empty">
    </replace-with-children>
    <replace-with-children class="c-bolt-button__item">
      This is a button
    </replace-with-children>
    <replace-with-children class="c-bolt-button__icon is-empty">
    </replace-with-children>
  </a>
</bolt-button>
`;

exports[`button Button tag: button 1`] = `
<bolt-button size="medium"
             color="primary"
             width="auto"
             border-radius="regular"
             align="center"
             transform="none"
>
  <button class="c-bolt-button c-bolt-button--medium c-bolt-button--primary c-bolt-button--border-radius-regular c-bolt-button--center"
          is="shadow-root"
  >
    <replace-with-children class="c-bolt-button__icon is-empty">
    </replace-with-children>
    <replace-with-children class="c-bolt-button__item">
      This is a button
    </replace-with-children>
    <replace-with-children class="c-bolt-button__icon is-empty">
    </replace-with-children>
  </button>
</bolt-button>
`;

exports[`button Button tag: link 1`] = `
<bolt-button size="medium"
             color="primary"
             width="auto"
             border-radius="regular"
             align="center"
             transform="none"
>
  <a class="c-bolt-button c-bolt-button--medium c-bolt-button--primary c-bolt-button--border-radius-regular c-bolt-button--center"
     is="shadow-root"
  >
    <replace-with-children class="c-bolt-button__icon is-empty">
    </replace-with-children>
    <replace-with-children class="c-bolt-button__item">
      This is a button
    </replace-with-children>
    <replace-with-children class="c-bolt-button__icon is-empty">
    </replace-with-children>
  </a>
</bolt-button>
`;

exports[`button Button tag: reset 1`] = `
<bolt-button size="medium"
             color="primary"
             width="auto"
             border-radius="regular"
             align="center"
             transform="none"
>
  <button type="reset"
          class="c-bolt-button c-bolt-button--medium c-bolt-button--primary c-bolt-button--border-radius-regular c-bolt-button--center"
          is="shadow-root"
  >
    <replace-with-children class="c-bolt-button__icon is-empty">
    </replace-with-children>
    <replace-with-children class="c-bolt-button__item">
      This is a button
    </replace-with-children>
    <replace-with-children class="c-bolt-button__icon is-empty">
    </replace-with-children>
  </button>
</bolt-button>
`;

exports[`button Button tag: submit 1`] = `
<bolt-button size="medium"
             color="primary"
             width="auto"
             border-radius="regular"
             align="center"
             transform="none"
>
  <button type="submit"
          class="c-bolt-button c-bolt-button--medium c-bolt-button--primary c-bolt-button--border-radius-regular c-bolt-button--center"
          is="shadow-root"
  >
    <replace-with-children class="c-bolt-button__icon is-empty">
    </replace-with-children>
    <replace-with-children class="c-bolt-button__item">
      This is a button
    </replace-with-children>
    <replace-with-children class="c-bolt-button__icon is-empty">
    </replace-with-children>
  </button>
</bolt-button>
`;

exports[`button Button with "disabled" adds attr to <a> 1`] = `
<bolt-button size="medium"
             color="primary"
             width="auto"
             border-radius="regular"
             align="center"
             transform="none"
             url="http://pega.com"
             disabled
>
  <a aria-disabled="true"
     class="c-bolt-button c-bolt-button--disabled c-bolt-button--medium c-bolt-button--primary c-bolt-button--border-radius-regular c-bolt-button--center"
     is="shadow-root"
  >
    <replace-with-children class="c-bolt-button__icon is-empty">
    </replace-with-children>
    <replace-with-children class="c-bolt-button__item">
      This is a button
    </replace-with-children>
    <replace-with-children class="c-bolt-button__icon is-empty">
    </replace-with-children>
  </a>
</bolt-button>
`;

exports[`button Button with "disabled" adds attr to <button> 1`] = `
<bolt-button size="medium"
             color="primary"
             width="auto"
             border-radius="regular"
             align="center"
             transform="none"
             disabled
>
  <button disabled
          class="c-bolt-button c-bolt-button--disabled c-bolt-button--medium c-bolt-button--primary c-bolt-button--border-radius-regular c-bolt-button--center"
          is="shadow-root"
  >
    <replace-with-children class="c-bolt-button__icon is-empty">
    </replace-with-children>
    <replace-with-children class="c-bolt-button__item">
      This is a button
    </replace-with-children>
    <replace-with-children class="c-bolt-button__icon is-empty">
    </replace-with-children>
  </button>
</bolt-button>
`;

exports[`button Button with an onClick attributes renders properly 1`] = `
<bolt-button size="medium"
             color="primary"
             width="auto"
             border-radius="regular"
             align="center"
             transform="none"
             on-click="on-click-test"
>
  <button class="c-bolt-button c-bolt-button--medium c-bolt-button--primary c-bolt-button--border-radius-regular c-bolt-button--center"
          is="shadow-root"
  >
    <replace-with-children class="c-bolt-button__icon is-empty">
    </replace-with-children>
    <replace-with-children class="c-bolt-button__item">
      Button w/ onClick via attributes
    </replace-with-children>
    <replace-with-children class="c-bolt-button__icon is-empty">
    </replace-with-children>
  </button>
</bolt-button>
`;

exports[`button Button with an onClick param renders properly 1`] = `
<bolt-button size="medium"
             color="primary"
             width="auto"
             border-radius="regular"
             align="center"
             transform="none"
             on-click="on-click-test"
>
  <button class="c-bolt-button c-bolt-button--medium c-bolt-button--primary c-bolt-button--border-radius-regular c-bolt-button--center"
          is="shadow-root"
  >
    <replace-with-children class="c-bolt-button__icon is-empty">
    </replace-with-children>
    <replace-with-children class="c-bolt-button__item">
      Button with onClick via param
    </replace-with-children>
    <replace-with-children class="c-bolt-button__icon is-empty">
    </replace-with-children>
  </button>
</bolt-button>
`;

exports[`button Button with c-bolt- class is thrown out 1`] = `
<bolt-button size="medium"
             color="primary"
             width="auto"
             border-radius="regular"
             align="center"
             transform="none"
>
  <button class="c-bolt-button c-bolt-button--medium c-bolt-button--primary c-bolt-button--border-radius-regular c-bolt-button--center"
          is="shadow-root"
  >
    <replace-with-children class="c-bolt-button__icon is-empty">
    </replace-with-children>
    <replace-with-children class="c-bolt-button__item">
      Button with outer JS-prefixed class
    </replace-with-children>
    <replace-with-children class="c-bolt-button__icon is-empty">
    </replace-with-children>
  </button>
</bolt-button>
`;

exports[`button Button with inner classes via Drupal Attributes 1`] = `
<bolt-button size="medium"
             color="primary"
             width="auto"
             border-radius="regular"
             align="center"
             transform="none"
>
  <button class="c-bolt-button c-bolt-button--medium c-bolt-button--primary c-bolt-button--border-radius-regular c-bolt-button--center is-active"
          is="shadow-root"
  >
    <replace-with-children class="c-bolt-button__icon is-empty">
    </replace-with-children>
    <replace-with-children class="c-bolt-button__item">
      Button with inner classes
    </replace-with-children>
    <replace-with-children class="c-bolt-button__icon is-empty">
    </replace-with-children>
  </button>
</bolt-button>
`;

exports[`button Button with outer JS-class via Drupal Attributes 1`] = `
<bolt-button size="medium"
             color="primary"
             width="auto"
             border-radius="regular"
             align="center"
             transform="none"
             class="js-click-me"
>
  <button class="c-bolt-button c-bolt-button--medium c-bolt-button--primary c-bolt-button--border-radius-regular c-bolt-button--center"
          is="shadow-root"
  >
    <replace-with-children class="c-bolt-button__icon is-empty">
    </replace-with-children>
    <replace-with-children class="c-bolt-button__item">
      Button with outer JS-prefixed class
    </replace-with-children>
    <replace-with-children class="c-bolt-button__icon is-empty">
    </replace-with-children>
  </button>
</bolt-button>
`;

exports[`button Button with outer classes via Drupal Attributes 1`] = `
<bolt-button size="medium"
             color="primary"
             width="auto"
             border-radius="regular"
             align="center"
             transform="none"
             class="u-bolt-padding-medium"
>
  <button class="c-bolt-button c-bolt-button--medium c-bolt-button--primary c-bolt-button--border-radius-regular c-bolt-button--center"
          is="shadow-root"
  >
    <replace-with-children class="c-bolt-button__icon is-empty">
    </replace-with-children>
    <replace-with-children class="c-bolt-button__item">
      Button with outer classes
    </replace-with-children>
    <replace-with-children class="c-bolt-button__icon is-empty">
    </replace-with-children>
  </button>
</bolt-button>
`;

exports[`button Default <bolt-button> w/o Shadow DOM renders 2`] = `
<bolt-button
  style=""
>
  <!---->
  
       
        
  <button
    class="c-bolt-button c-bolt-button--medium c-bolt-button--primary c-bolt-button--border-radius-regular c-bolt-button--center"
    style=""
  >
    
          
    <!---->
    
                
    <span
      class="c-bolt-button__icon is-empty"
      style=""
    >
      <span
        class="c-bolt-button__icon-sizer"
        style=""
      >
        <!---->
        
                          
        <slot
          name="before"
          style=""
        >
          
                        
        </slot>
        <!---->
      </span>
    </span>
    
              
    <!---->
    
                
    <span
      class="c-bolt-button__item"
      style=""
    >
      <!---->
      <!---->
      <!---->
      This is a button
      <!---->
      <!---->
      <!---->
    </span>
    
              
    <!---->
    
                
    <span
      class="c-bolt-button__icon is-empty"
      style=""
    >
      <span
        class="c-bolt-button__icon-sizer"
        style=""
      >
        <!---->
        
                          
        <slot
          name="after"
          style=""
        >
          
                        
        </slot>
        <!---->
      </span>
    </span>
    
              
    <!---->
    
        
  </button>
  
      
    
  <!---->
</bolt-button>
`;

exports[`button Default <bolt-button> with Shadow DOM renders 2`] = `
<style
  style=""
>
  <!---->
  bolt-button{display:-webkit-inline-box;display:inline-flex;outline:0}bolt-button[type=button],bolt-button[type=reset],bolt-button[type=submit]{-webkit-appearance:none;-moz-appearance:none;appearance:none}:host{display:-webkit-inline-box;display:inline-flex;outline:0}:host[type=button],:host[type=reset],:host[type=submit]{-webkit-appearance:none;-moz-appearance:none;appearance:none}.c-bolt-button{padding:0;font-family:-apple-system,BlinkMacSystemFont,"Segoe UI",Roboto,Oxygen,Ubuntu,Cantarell,"Fira Sans","Droid Sans","Helvetica Neue",sans-serif;font-family:var(--bolt-font-family-body);-webkit-appearance:none;-moz-appearance:none;appearance:none;outline:0;-webkit-user-select:none;-moz-user-select:none;-ms-user-select:none;user-select:none;font-weight:600;display:-webkit-box;display:flex;-webkit-box-align:center;align-items:center;position:relative;-webkit-transform:translate3d(0,0,0);transform:translate3d(0,0,0);text-decoration:none;vertical-align:middle;cursor:pointer;border-radius:3px;border-width:1px;border-style:solid;box-shadow:0 1px 4px 1px rgba(6,10,36,.1),0 5px 10px 0 rgba(6,10,36,.08);-webkit-transition:.3s cubic-bezier(.25,.8,.25,1);transition:.3s cubic-bezier(.25,.8,.25,1);box-shadow:var(--bolt-button-box-shadow,0 1px 4px 1px rgba(6,10,36,.1),0 5px 10px 0 rgba(6,10,36,.08));will-change:box-shadow}.js-fonts-loaded .c-bolt-button{font-family:"Open Sans","Helvetica Neue",sans-serif;font-family:var(--bolt-font-family-body)}.c-bolt-button:before{content:'';display:block;opacity:.2;position:absolute;top:0;left:0;z-index:-5;width:100%;height:100%;pointer-events:none;border-radius:3px;-webkit-transform:translateY(-2px);transform:translateY(-2px);box-shadow:var(--bolt-button-box-shadow,0 1px 2px 1px rgba(6,10,36,.08));will-change:box-shadow}.c-bolt-button.is-focus:not(.is-hover):not(.is-disabled),.c-bolt-button:focus:not(:hover):not(.c-bolt-button--disabled):not(.c-bolt-button--inert){box-shadow:0 -1px 2px rgba(var(--bolt-theme-background), 1),0 1px 2px rgba(var(--bolt-theme-background), 1),0 0 5px #3b99fc,0 -1px .65rem #3b99fc,0 1px .65rem #3b99fc}.c-bolt-button--primary{color:rgba(var(--bolt-theme-text-on-primary), 1);border-color:rgba(var(--bolt-theme-primary), 1);background-color:rgba(var(--bolt-theme-primary), 1)}.c-bolt-button--primary.is-hover,.c-bolt-button--primary:hover{color:rgba(var(--bolt-theme-text-on-primary-lighten-15), 1);border-color:rgba(var(--bolt-theme-primary-lighten-15), 1);background-color:rgba(var(--bolt-theme-primary-lighten-15), 1);-webkit-transform:translateY(-2px);transform:translateY(-2px);box-shadow:0 1px 8px 1px rgba(6,10,36,.18),0 5px 10px 1px rgba(6,10,36,.15),0 15px 30px 0 rgba(6,10,36,.16)}.c-bolt-button--primary.is-focus:not([disabled]):not(.c-bolt-button--disabled):not(.c-bolt-button--inert),.c-bolt-button--primary:focus:not([disabled]):not(.c-bolt-button--disabled):not(.c-bolt-button--inert){color:rgba(var(--bolt-theme-text-on-primary-darken-15), 1);border-color:rgba(var(--bolt-theme-primary-darken-15), 1);background-color:rgba(var(--bolt-theme-primary-darken-15), 1)}.c-bolt-button--primary.is-active,.c-bolt-button--primary:active{color:rgba(var(--bolt-theme-text-on-primary-darken-25), 1);border-color:rgba(var(--bolt-theme-primary-darken-25), 1);background-color:rgba(var(--bolt-theme-primary-darken-25), 1);-webkit-transform:translate3d(0,1px,0);transform:translate3d(0,1px,0)}.c-bolt-button--secondary{color:rgba(var(--bolt-theme-text-on-secondary), 1);border-color:rgba(var(--bolt-theme-secondary), 1);background-color:rgba(var(--bolt-theme-secondary), 1)}.c-bolt-button--secondary.is-hover,.c-bolt-button--secondary:hover{color:rgba(var(--bolt-theme-text-on-secondary-lighten-5), 1);border-color:rgba(var(--bolt-theme-secondary-lighten-5), 1);background-color:rgba(var(--bolt-theme-secondary-lighten-5), 1);-webkit-transform:translateY(-2px);transform:translateY(-2px);box-shadow:0 1px 8px 1px rgba(6,10,36,.18),0 5px 10px 1px rgba(6,10,36,.15),0 15px 30px 0 rgba(6,10,36,.16)}.c-bolt-button--secondary.is-focus:not([disabled]):not(.c-bolt-button--disabled):not(.c-bolt-button--inert),.c-bolt-button--secondary:focus:not([disabled]):not(.c-bolt-button--disabled):not(.c-bolt-button--inert){color:rgba(var(--bolt-theme-text-on-secondary-darken-3), 1);border-color:rgba(var(--bolt-theme-secondary-darken-3), 1);background-color:rgba(var(--bolt-theme-secondary-darken-3), 1)}.c-bolt-button--secondary.is-active,.c-bolt-button--secondary:active{color:rgba(var(--bolt-theme-text-on-secondary-darken-10), 1);border-color:rgba(var(--bolt-theme-secondary-darken-10), 1);background-color:rgba(var(--bolt-theme-secondary-darken-10), 1);-webkit-transform:translate3d(0,1px,0);transform:translate3d(0,1px,0)}.c-bolt-button--text{opacity:1;color:rgba(var(--bolt-theme-headline-link), 1);text-decoration:none;border-color:transparent}.c-bolt-button--text,.c-bolt-button--text.c-bolt-button--disabled,.c-bolt-button--text[disabled]{background-color:transparent}.c-bolt-button--text,.c-bolt-button--text:before{box-shadow:none}.c-bolt-button--text.is-hover:not([disabled]):not(.c-bolt-button--disabled):not(.c-bolt-button--inert),.c-bolt-button--text:hover:not([disabled]):not(.c-bolt-button--disabled):not(.c-bolt-button--inert){opacity:.8}.c-bolt-button--text.is-active,.c-bolt-button--text.is-focus.is-active:not([disabled]):not(.c-bolt-button--disabled):not(.c-bolt-button--inert),.c-bolt-button--text:active,.c-bolt-button--text:focus:active:not([disabled]):not(.c-bolt-button--disabled):not(.c-bolt-button--inert){opacity:.6}.c-bolt-button--disabled,.c-bolt-button[disabled],[aria-disabled=true] .c-bolt-button{cursor:not-allowed}.c-bolt-button--disabled,.c-bolt-button--disabled.is-active,.c-bolt-button--disabled.is-hover,.c-bolt-button--disabled:active,.c-bolt-button--disabled:hover,.c-bolt-button--disabled:visited,.c-bolt-button[disabled],.c-bolt-button[disabled].is-active,.c-bolt-button[disabled].is-hover,.c-bolt-button[disabled]:active,.c-bolt-button[disabled]:hover,.c-bolt-button[disabled]:visited,[aria-disabled=true] .c-bolt-button,[aria-disabled=true] .c-bolt-button.is-active,[aria-disabled=true] .c-bolt-button.is-hover,[aria-disabled=true] .c-bolt-button:active,[aria-disabled=true] .c-bolt-button:hover,[aria-disabled=true] .c-bolt-button:visited{color:rgba(var(--bolt-theme-text-disabled), 1)}.c-bolt-button--disabled:not(.c-bolt-button--text),.c-bolt-button--disabled:not(.c-bolt-button--text).is-active,.c-bolt-button--disabled:not(.c-bolt-button--text).is-hover,.c-bolt-button--disabled:not(.c-bolt-button--text):active,.c-bolt-button--disabled:not(.c-bolt-button--text):hover,.c-bolt-button--disabled:not(.c-bolt-button--text):visited,.c-bolt-button[disabled]:not(.c-bolt-button--text),.c-bolt-button[disabled]:not(.c-bolt-button--text).is-active,.c-bolt-button[disabled]:not(.c-bolt-button--text).is-hover,.c-bolt-button[disabled]:not(.c-bolt-button--text):active,.c-bolt-button[disabled]:not(.c-bolt-button--text):hover,.c-bolt-button[disabled]:not(.c-bolt-button--text):visited,[aria-disabled=true] .c-bolt-button:not(.c-bolt-button--text),[aria-disabled=true] .c-bolt-button:not(.c-bolt-button--text).is-active,[aria-disabled=true] .c-bolt-button:not(.c-bolt-button--text).is-hover,[aria-disabled=true] .c-bolt-button:not(.c-bolt-button--text):active,[aria-disabled=true] .c-bolt-button:not(.c-bolt-button--text):hover,[aria-disabled=true] .c-bolt-button:not(.c-bolt-button--text):visited{box-shadow:0 1px 4px 1px rgba(6,10,36,.1),0 5px 10px 0 rgba(6,10,36,.08);-webkit-transition:.3s cubic-bezier(.25,.8,.25,1);transition:.3s cubic-bezier(.25,.8,.25,1);opacity:1;-webkit-transform:none;transform:none;border-color:rgba(var(--bolt-theme-disabled), 1);box-shadow:var(--bolt-button-box-shadow,0 1px 4px 1px rgba(6,10,36,.1),0 5px 10px 0 rgba(6,10,36,.08));background-color:rgba(var(--bolt-theme-disabled), 1);will-change:box-shadow}.c-bolt-button--disabled.is-active:before,.c-bolt-button--disabled.is-hover:before,.c-bolt-button--disabled:active:before,.c-bolt-button--disabled:before,.c-bolt-button--disabled:hover:before,.c-bolt-button[disabled].is-active:before,.c-bolt-button[disabled].is-hover:before,.c-bolt-button[disabled]:active:before,.c-bolt-button[disabled]:before,.c-bolt-button[disabled]:hover:before,[aria-disabled=true] .c-bolt-button.is-active:before,[aria-disabled=true] .c-bolt-button.is-hover:before,[aria-disabled=true] .c-bolt-button:active:before,[aria-disabled=true] .c-bolt-button:before,[aria-disabled=true] .c-bolt-button:hover:before{display:none}.c-bolt-button--uppercase{text-transform:uppercase}.c-bolt-button--lowercase{text-transform:lowercase}.c-bolt-button--capitalize{text-transform:capitalize}.c-bolt-button--medium{padding:.825rem 2rem;font-size:.8rem;line-height:1.45}.c-bolt-button--medium.c-bolt-button--icon-only{width:2.81rem;min-height:2.81rem}.c-bolt-button--xsmall{padding:.206rem .5rem;font-size:.8rem;line-height:1.45}.c-bolt-button--xsmall.c-bolt-button--icon-only{width:1.572rem;min-height:1.572rem}.c-bolt-button--small{padding:.412rem 1rem;font-size:.8rem;line-height:1.45}.c-bolt-button--small.c-bolt-button--icon-only{width:1.985rem;min-height:1.985rem}.c-bolt-button--large{padding:.825rem 2rem;font-size:1rem;line-height:1.65}.c-bolt-button--large.c-bolt-button--icon-only{width:3.3rem;min-height:3.3rem}.c-bolt-button--xlarge{padding:1.65rem 4rem;font-size:1.111rem;line-height:1.45}.c-bolt-button--xlarge.c-bolt-button--icon-only{width:4.911rem;min-height:4.911rem}.c-bolt-button--icon-only{padding:0}.c-bolt-button--icon-only .c-bolt-button__icon,.c-bolt-button--icon-only .c-bolt-button__item{margin:0}.c-bolt-button--icon-only .c-bolt-button__item{opacity:0;width:0;overflow:hidden;color:transparent;text-indent:-99999em;white-space:nowrap}.c-bolt-button--icon-only .c-bolt-button__icon-sizer{position:absolute;top:50%;left:50%;-webkit-transform:translate3d(-50%,-50%,0);transform:translate3d(-50%,-50%,0)}.c-bolt-button--icon-only.c-bolt-button--xsmall .c-bolt-button__icon-sizer{font-size:1em}.c-bolt-button--icon-only.c-bolt-button--small .c-bolt-button__icon-sizer{font-size:1.25em}.c-bolt-button--icon-only.c-bolt-button--medium .c-bolt-button__icon-sizer{font-size:1.5em}.c-bolt-button--icon-only.c-bolt-button--large .c-bolt-button__icon-sizer{font-size:1.75em}.c-bolt-button--icon-only.c-bolt-button--xlarge .c-bolt-button__icon-sizer{font-size:2em}.c-bolt-button--full,bolt-button[width=full]{width:100%}:host([width=full]){width:100%}@media (max-width:37.499em){.c-bolt-button--full\\@small,bolt-button[width='full@small']{width:100%}:host([width='full@small']){width:100%}}.c-bolt-button--border-radius-regular,.c-bolt-button--border-radius-regular:before,bolt-button[border-radius=regular]{border-radius:3px}.c-bolt-button--border-radius-full,.c-bolt-button--border-radius-full:before,bolt-button[border-radius=full]{border-radius:50em}.c-bolt-button__icon.is-empty{display:none}.c-bolt-button__icon:not(.is-empty){display:-webkit-box;display:flex}.c-bolt-button__item{display:-webkit-inline-box;display:inline-flex;text-align:left;text-align:start}.c-bolt-button__icon:not(.is-empty) .c-bolt-button__icon-sizer{display:-webkit-box;display:flex}.c-bolt-button:not(.c-bolt-button--icon-only) .c-bolt-button__icon:not(.is-empty)+.c-bolt-button__item,.c-bolt-button:not(.c-bolt-button--icon-only) .c-bolt-button__item+.c-bolt-button__icon:not(.is-empty){margin-left:.25rem}.c-bolt-button--center{-webkit-box-pack:center;justify-content:center}.c-bolt-button--start{-webkit-box-pack:start;justify-content:flex-start}.c-bolt-button--end{-webkit-box-pack:end;justify-content:flex-end}
  <!---->
</style>
`;

exports[`button Default <bolt-button> with Shadow DOM renders 3`] = `
<bolt-button
  style=""
>
  Button Test -- Outer HTML
</bolt-button>
`;

exports[`button Inline button inside a container with defined text alignment. 1`] = `
<div class="o-bolt-grid o-bolt-grid--flex o-bolt-grid--matrix">
  <div class="o-bolt-grid__cell u-bolt-width-12/12 u-bolt-text-align-right">
    <bolt-button size="medium"
                 color="primary"
                 width="auto"
                 border-radius="regular"
                 align="center"
                 transform="none"
    >
      <button class="c-bolt-button c-bolt-button--medium c-bolt-button--primary c-bolt-button--border-radius-regular c-bolt-button--center"
              is="shadow-root"
      >
        <replace-with-children class="c-bolt-button__icon is-empty">
        </replace-with-children>
        <replace-with-children class="c-bolt-button__item">
          Align right
        </replace-with-children>
        <replace-with-children class="c-bolt-button__icon is-empty">
        </replace-with-children>
      </button>
    </bolt-button>
  </div>
  <div class="o-bolt-grid__cell u-bolt-width-12/12 u-bolt-text-align-center">
    <bolt-button size="medium"
                 color="primary"
                 width="auto"
                 border-radius="regular"
                 align="center"
                 transform="none"
    >
      <button class="c-bolt-button c-bolt-button--medium c-bolt-button--primary c-bolt-button--border-radius-regular c-bolt-button--center"
              is="shadow-root"
      >
        <replace-with-children class="c-bolt-button__icon is-empty">
        </replace-with-children>
        <replace-with-children class="c-bolt-button__item">
          Align center
        </replace-with-children>
        <replace-with-children class="c-bolt-button__icon is-empty">
        </replace-with-children>
      </button>
    </bolt-button>
  </div>
  <div class="o-bolt-grid__cell u-bolt-width-12/12 u-bolt-text-align-left">
    <bolt-button size="medium"
                 color="primary"
                 width="auto"
                 border-radius="regular"
                 align="center"
                 transform="none"
    >
      <button class="c-bolt-button c-bolt-button--medium c-bolt-button--primary c-bolt-button--border-radius-regular c-bolt-button--center"
              is="shadow-root"
      >
        <replace-with-children class="c-bolt-button__icon is-empty">
        </replace-with-children>
        <replace-with-children class="c-bolt-button__item">
          Align left
        </replace-with-children>
        <replace-with-children class="c-bolt-button__icon is-empty">
        </replace-with-children>
      </button>
    </bolt-button>
  </div>
</div>
`;
