// Jest Snapshot v1, https://goo.gl/fbAQLP

exports[`textLink basic button 1`] = `
<button type="submit"
        class="e-bolt-button"
>
  This is a button
</button>
`;
