// Jest Snapshot v1, https://goo.gl/fbAQLP

exports[`textLink basic text link 1`] = `
<a href="https://pega.com"
   target="_blank"
   class="e-bolt-text-link"
>
  This is a text link
</a>
`;
