// Jest Snapshot v1, https://goo.gl/fbAQLP

exports[`Build Deps Resolution compiled code with auto-injected dependencies renders correctly 1`] = `
<bolt-image src="/fixtures/1200x660.jpg"
            srcset="/fixtures/1200x660-50.jpg 50w, /fixtures/1200x660-100.jpg 100w, /fixtures/1200x660-200.jpg 200w, /fixtures/1200x660-320.jpg 320w, /fixtures/1200x660-480.jpg 480w, /fixtures/1200x660-640.jpg 640w, /fixtures/1200x660-800.jpg 800w, /fixtures/1200x660-1024.jpg 1024w, /fixtures/1200x660.jpg 1200w"
            alt="A Rock Climber"
            sizes="auto"
            ratio="1200/660"
            placeholder-color="hsl(233, 33%, 97%)"
            placeholder-image="data:image/gif;base64,R0lGODlhAQABAAAAACH5BAEKAAEALAAAAAABAAEAAAICTAEAOw=="
            style="background-color: hsl(233, 33%, 97%);"
>
  <bolt-ratio ratio="20/11">
    <replace-with-children class="c-bolt-ratio"
                           style="padding-bottom: calc((11 / 20) * 100%); --aspect-ratio: 1.8181818181818;"
    >
      <img class="c-bolt-image__image-placeholder"
           alt="A Rock Climber"
           src="data:image/gif;base64,R0lGODlhAQABAAAAACH5BAEKAAEALAAAAAABAAEAAAICTAEAOw=="
      >
      <img class="c-bolt-image__image c-bolt-image__lazyload c-bolt-image__lazyload--fade c-bolt-image__lazyload--blur js-lazyload"
           alt="A Rock Climber"
           data-srcset="/fixtures/1200x660-50.jpg 50w, /fixtures/1200x660-100.jpg 100w, /fixtures/1200x660-200.jpg 200w, /fixtures/1200x660-320.jpg 320w, /fixtures/1200x660-480.jpg 480w, /fixtures/1200x660-640.jpg 640w, /fixtures/1200x660-800.jpg 800w, /fixtures/1200x660-1024.jpg 1024w, /fixtures/1200x660.jpg 1200w"
           data-sizes="auto"
           srcset="data:image/gif;base64,R0lGODlhAQABAAAAACH5BAEKAAEALAAAAAABAAEAAAICTAEAOw=="
           src="/fixtures/1200x660.jpg"
      >
      <noscript>
        <img class="c-bolt-image__image"
             alt="A Rock Climber"
             src="/fixtures/1200x660.jpg"
             srcset="/fixtures/1200x660-50.jpg 50w, /fixtures/1200x660-100.jpg 100w, /fixtures/1200x660-200.jpg 200w, /fixtures/1200x660-320.jpg 320w, /fixtures/1200x660-480.jpg 480w, /fixtures/1200x660-640.jpg 640w, /fixtures/1200x660-800.jpg 800w, /fixtures/1200x660-1024.jpg 1024w, /fixtures/1200x660.jpg 1200w"
        >
      </noscript>
    </replace-with-children>
  </bolt-ratio>
</bolt-image>
`;

exports[`Build Deps Resolution compiled code with auto-injected dependencies renders correctly 2`] = `
<bolt-ratio ratio="1200/660">
  <img class="c-bolt-image__image-placeholder"
       src="data:image/gif;base64,R0lGODlhAQABAAAAACH5BAEKAAEALAAAAAABAAEAAAICTAEAOw=="
       alt="A Rock Climber"
  >
  <img class="c-bolt-image__image c-bolt-image__lazyload c-bolt-image__lazyload--fade c-bolt-image__lazyload--blur lazyautosizes ls-is-cached is-lazyloaded"
       src="/fixtures/1200x660.jpg"
       alt="A Rock Climber"
       srcset="/fixtures/1200x660-50.jpg 50w, /fixtures/1200x660-100.jpg 100w, /fixtures/1200x660-200.jpg 200w, /fixtures/1200x660-320.jpg 320w, /fixtures/1200x660-480.jpg 480w, /fixtures/1200x660-640.jpg 640w, /fixtures/1200x660-800.jpg 800w, /fixtures/1200x660-1024.jpg 1024w, /fixtures/1200x660.jpg 1200w"
       data-srcset="/fixtures/1200x660-50.jpg 50w, /fixtures/1200x660-100.jpg 100w, /fixtures/1200x660-200.jpg 200w, /fixtures/1200x660-320.jpg 320w, /fixtures/1200x660-480.jpg 480w, /fixtures/1200x660-640.jpg 640w, /fixtures/1200x660-800.jpg 800w, /fixtures/1200x660-1024.jpg 1024w, /fixtures/1200x660.jpg 1200w"
       sizes="784px"
       data-sizes="auto"
       style="object-position: center center;"
  >
</bolt-ratio>
`;
