// Jest Snapshot v1, https://goo.gl/fbAQLP

exports[`<bolt-copy-to-clipboard> Component basic usage with attributes 1`] = `
<bolt-copy-to-clipboard data-attr="some attribute">
  <span class="c-bolt-copy-to-clipboard js-bolt-copy-to-clipboard">
    <button class="c-bolt-copy-to-clipboard__trigger"
            data-clipboard-text="https://boltdesignsystem.com"
    >
      <div class="c-bolt-copy-to-clipboard__action">
        <bolt-icon name="asset-link"
                   size="medium"
        >
          <span class="c-bolt-icon c-bolt-icon--asset-link c-bolt-icon--medium">
            <svg class="c-bolt-icon__icon c-bolt-icon__icon--medium"
                 xmlns="http://www.w3.org/2000/svg"
                 viewbox="0 0 24 24"
            >
              <g fill="none"
                 fill-rule="evenodd"
              >
                <path fill="var(--bolt-icon-primary-color)"
                      d="M22.734 3.2l-1.929-1.927C19.996.428 18.986 0 17.805 0c-1.174 0-2.178.393-2.999 1.18l-2.05 2.096c-.276.253-.419.535-.426.84-.007.31.131.61.41.889a1.2 1.2 0 001.714 0l2.07-2.07c.327-.327.781-.476 1.27-.467.537.012.96.179 1.292.512l1.947 1.947c.351.328.521.742.521 1.268 0 .533-.16.95-.489 1.28l-6.524 6.526c-.369.367-.848.565-1.468.603-.604.036-1.017-.098-1.319-.423l-.804-.804-.668-.668c-.28-.303-.575-.447-.902-.446a1.063 1.063 0 00-.795.406c-.3.254-.456.54-.463.852-.006.319.143.622.433.888l1.453 1.454.027.307h.342c.698.57 1.557.858 2.556.858.054 0 .108-.001.161-.003.94-.028 1.781-.294 2.506-.79l.09.089.34-.34c.028-.03.068-.076.118-.144l6.684-6.658C23.607 8.372 24 7.368 24 6.195c0-1.181-.429-2.19-1.266-2.994m-11.47 15.714c.313.308.45.604.45.915 0 .31-.137.607-.41.88l-2.056 2.054C8.424 23.59 7.432 24 6.285 24c-1.144 0-2.149-.408-2.988-1.213L1.22 20.71C.41 19.864 0 18.859 0 17.715c0-1.147.41-2.14 1.22-2.95l6.795-6.794a4.035 4.035 0 012.95-1.221c1.147 0 2.14.41 2.95 1.22l1.574 1.576c.271.227.427.514.433.825.006.319-.143.622-.447.902-.47.474-1.242.443-1.7-.013L12.2 9.685c-.662-.663-1.765-.658-2.484.012L2.934 16.48a1.775 1.775 0 00-.489 1.258c0 .487.16.883.49 1.213l2.114 2.115c.663.662 1.764.657 2.484-.012l2.054-2.1c.15-.15.413-.324.837-.324.322 0 .604.096.84.285"
                      mask="url(#mask-2)"
                >
                </path>
              </g>
            </svg>
          </span>
        </bolt-icon>
        <span class="c-bolt-copy-to-clipboard__action-text">
          Copy Link
        </span>
      </div>
    </button>
    <span class="c-bolt-copy-to-clipboard__transition">
      <span class="c-bolt-copy-to-clipboard__transition-animation">
        <bolt-icon name="refresh"
                   size="medium"
        >
          <span class="c-bolt-icon c-bolt-icon--refresh c-bolt-icon--medium">
            <svg class="c-bolt-icon__icon c-bolt-icon__icon--medium"
                 xmlns="http://www.w3.org/2000/svg"
                 viewbox="0 0 24 24"
            >
              <g fill="none"
                 fill-rule="evenodd"
              >
                <path>
                </path>
                <g fill="var(--bolt-icon-primary-color)"
                   fill-rule="nonzero"
                >
                  <path d="M24 4.5c0-.55-.45-1-1-1s-1 .45-1 1v3.687l-2.944-2.769a9.939 9.939 0 00-7.062-2.919 9.9 9.9 0 00-5.806 1.863 10.09 10.09 0 00-3.619 4.8 1 1 0 001.881.681 8.164 8.164 0 012.9-3.85 7.923 7.923 0 014.644-1.494c2.138 0 4.15.831 5.656 2.344a.094.094 0 00.025.019l2.8 2.631H17c-.55 0-1 .45-1 1s.45 1 1 1h6.099a.86.86 0 00.262-.063.969.969 0 00.369-.25.984.984 0 00.206-.331c0-.006 0-.006.006-.012v-.006-.006-.006-.006c0-.006 0-.006.006-.012.025-.075.044-.162.05-.244v-.006-.006-.012-.012-.012-.006-6L24 4.5zM20.813 14.625a1 1 0 00-1.281.6 8.035 8.035 0 01-7.525 5.275 7.93 7.93 0 01-5.656-2.344c-.006-.006-.012-.012-.025-.019l-2.8-2.637h3.475c.55 0 1-.45 1-1s-.45-1-1-1h-6a.975.975 0 00-.425.094s-.006 0-.006.006c0 0-.006 0-.006.006-.006 0-.006.006-.012.006a1.16 1.16 0 00-.225.156l-.006.006s-.006 0-.006.006l-.006.006-.006.006-.006.006c-.025.025-.044.05-.069.075a.866.866 0 00-.125.206c0 .006 0 .006-.006.012 0 0 0 .006-.006.006v.012s0 .006-.006.006c-.038.1-.063.213-.069.325v6.042c0 .55.45 1 1 1s1-.45 1-1v-3.687l2.944 2.769a9.939 9.939 0 007.062 2.919c4.194 0 7.975-2.65 9.406-6.594a1.008 1.008 0 00-.612-1.269l-.003.005z">
                  </path>
                </g>
              </g>
            </svg>
          </span>
        </bolt-icon>
      </span>
    </span>
    <span class="c-bolt-copy-to-clipboard__confirmation">
      <div class="c-bolt-copy-to-clipboard__info js-bolt-copy-to-clipboard__trigger">
        <bolt-icon name="check"
                   size="medium"
        >
          <span class="c-bolt-icon c-bolt-icon--check c-bolt-icon--medium">
            <svg class="c-bolt-icon__icon c-bolt-icon__icon--medium"
                 xmlns="http://www.w3.org/2000/svg"
                 viewbox="0 0 24 24"
            >
              <g fill="none"
                 fill-rule="evenodd"
              >
                <path>
                </path>
                <path fill="var(--bolt-icon-primary-color)"
                      d="M19.292 6.29L8.998 16.584 4.703 12.29a1.004 1.004 0 00-1.412 0 1.002 1.002 0 000 1.413l5 5a.995.995 0 001.411 0l11-11a.99.99 0 000-1.413 1.001 1.001 0 00-1.41 0z"
                >
                </path>
              </g>
            </svg>
          </span>
        </bolt-icon>
        Copied!
      </div>
    </span>
  </span>
</bolt-copy-to-clipboard>
`;

exports[`<bolt-copy-to-clipboard> Component custom confirmation text 1`] = `
<bolt-copy-to-clipboard>
  <span class="c-bolt-copy-to-clipboard js-bolt-copy-to-clipboard">
    <button class="c-bolt-copy-to-clipboard__trigger"
            data-clipboard-text="https://boltdesignsystem.com/#custom-transition"
    >
      <div class="c-bolt-copy-to-clipboard__action">
        <bolt-icon name="asset-link"
                   size="medium"
        >
          <span class="c-bolt-icon c-bolt-icon--asset-link c-bolt-icon--medium">
            <svg class="c-bolt-icon__icon c-bolt-icon__icon--medium"
                 xmlns="http://www.w3.org/2000/svg"
                 viewbox="0 0 24 24"
            >
              <g fill="none"
                 fill-rule="evenodd"
              >
                <path fill="var(--bolt-icon-primary-color)"
                      d="M22.734 3.2l-1.929-1.927C19.996.428 18.986 0 17.805 0c-1.174 0-2.178.393-2.999 1.18l-2.05 2.096c-.276.253-.419.535-.426.84-.007.31.131.61.41.889a1.2 1.2 0 001.714 0l2.07-2.07c.327-.327.781-.476 1.27-.467.537.012.96.179 1.292.512l1.947 1.947c.351.328.521.742.521 1.268 0 .533-.16.95-.489 1.28l-6.524 6.526c-.369.367-.848.565-1.468.603-.604.036-1.017-.098-1.319-.423l-.804-.804-.668-.668c-.28-.303-.575-.447-.902-.446a1.063 1.063 0 00-.795.406c-.3.254-.456.54-.463.852-.006.319.143.622.433.888l1.453 1.454.027.307h.342c.698.57 1.557.858 2.556.858.054 0 .108-.001.161-.003.94-.028 1.781-.294 2.506-.79l.09.089.34-.34c.028-.03.068-.076.118-.144l6.684-6.658C23.607 8.372 24 7.368 24 6.195c0-1.181-.429-2.19-1.266-2.994m-11.47 15.714c.313.308.45.604.45.915 0 .31-.137.607-.41.88l-2.056 2.054C8.424 23.59 7.432 24 6.285 24c-1.144 0-2.149-.408-2.988-1.213L1.22 20.71C.41 19.864 0 18.859 0 17.715c0-1.147.41-2.14 1.22-2.95l6.795-6.794a4.035 4.035 0 012.95-1.221c1.147 0 2.14.41 2.95 1.22l1.574 1.576c.271.227.427.514.433.825.006.319-.143.622-.447.902-.47.474-1.242.443-1.7-.013L12.2 9.685c-.662-.663-1.765-.658-2.484.012L2.934 16.48a1.775 1.775 0 00-.489 1.258c0 .487.16.883.49 1.213l2.114 2.115c.663.662 1.764.657 2.484-.012l2.054-2.1c.15-.15.413-.324.837-.324.322 0 .604.096.84.285"
                      mask="url(#mask-2)"
                >
                </path>
              </g>
            </svg>
          </span>
        </bolt-icon>
        <span class="c-bolt-copy-to-clipboard__action-text">
          Copy Link
        </span>
      </div>
    </button>
    <span class="c-bolt-copy-to-clipboard__transition">
      <span class="c-bolt-copy-to-clipboard__transition-animation">
        <bolt-icon name="refresh"
                   size="medium"
        >
          <span class="c-bolt-icon c-bolt-icon--refresh c-bolt-icon--medium">
            <svg class="c-bolt-icon__icon c-bolt-icon__icon--medium"
                 xmlns="http://www.w3.org/2000/svg"
                 viewbox="0 0 24 24"
            >
              <g fill="none"
                 fill-rule="evenodd"
              >
                <path>
                </path>
                <g fill="var(--bolt-icon-primary-color)"
                   fill-rule="nonzero"
                >
                  <path d="M24 4.5c0-.55-.45-1-1-1s-1 .45-1 1v3.687l-2.944-2.769a9.939 9.939 0 00-7.062-2.919 9.9 9.9 0 00-5.806 1.863 10.09 10.09 0 00-3.619 4.8 1 1 0 001.881.681 8.164 8.164 0 012.9-3.85 7.923 7.923 0 014.644-1.494c2.138 0 4.15.831 5.656 2.344a.094.094 0 00.025.019l2.8 2.631H17c-.55 0-1 .45-1 1s.45 1 1 1h6.099a.86.86 0 00.262-.063.969.969 0 00.369-.25.984.984 0 00.206-.331c0-.006 0-.006.006-.012v-.006-.006-.006-.006c0-.006 0-.006.006-.012.025-.075.044-.162.05-.244v-.006-.006-.012-.012-.012-.006-6L24 4.5zM20.813 14.625a1 1 0 00-1.281.6 8.035 8.035 0 01-7.525 5.275 7.93 7.93 0 01-5.656-2.344c-.006-.006-.012-.012-.025-.019l-2.8-2.637h3.475c.55 0 1-.45 1-1s-.45-1-1-1h-6a.975.975 0 00-.425.094s-.006 0-.006.006c0 0-.006 0-.006.006-.006 0-.006.006-.012.006a1.16 1.16 0 00-.225.156l-.006.006s-.006 0-.006.006l-.006.006-.006.006-.006.006c-.025.025-.044.05-.069.075a.866.866 0 00-.125.206c0 .006 0 .006-.006.012 0 0 0 .006-.006.006v.012s0 .006-.006.006c-.038.1-.063.213-.069.325v6.042c0 .55.45 1 1 1s1-.45 1-1v-3.687l2.944 2.769a9.939 9.939 0 007.062 2.919c4.194 0 7.975-2.65 9.406-6.594a1.008 1.008 0 00-.612-1.269l-.003.005z">
                  </path>
                </g>
              </g>
            </svg>
          </span>
        </bolt-icon>
      </span>
    </span>
    <span class="c-bolt-copy-to-clipboard__confirmation">
      Custom confirmation
    </span>
  </span>
</bolt-copy-to-clipboard>
`;

exports[`<bolt-copy-to-clipboard> Component custom transition text 1`] = `
<bolt-copy-to-clipboard>
  <span class="c-bolt-copy-to-clipboard js-bolt-copy-to-clipboard">
    <button class="c-bolt-copy-to-clipboard__trigger"
            data-clipboard-text="https://boltdesignsystem.com/#custom-transition"
    >
      <div class="c-bolt-copy-to-clipboard__action">
        <bolt-icon name="asset-link"
                   size="medium"
        >
          <span class="c-bolt-icon c-bolt-icon--asset-link c-bolt-icon--medium">
            <svg class="c-bolt-icon__icon c-bolt-icon__icon--medium"
                 xmlns="http://www.w3.org/2000/svg"
                 viewbox="0 0 24 24"
            >
              <g fill="none"
                 fill-rule="evenodd"
              >
                <path fill="var(--bolt-icon-primary-color)"
                      d="M22.734 3.2l-1.929-1.927C19.996.428 18.986 0 17.805 0c-1.174 0-2.178.393-2.999 1.18l-2.05 2.096c-.276.253-.419.535-.426.84-.007.31.131.61.41.889a1.2 1.2 0 001.714 0l2.07-2.07c.327-.327.781-.476 1.27-.467.537.012.96.179 1.292.512l1.947 1.947c.351.328.521.742.521 1.268 0 .533-.16.95-.489 1.28l-6.524 6.526c-.369.367-.848.565-1.468.603-.604.036-1.017-.098-1.319-.423l-.804-.804-.668-.668c-.28-.303-.575-.447-.902-.446a1.063 1.063 0 00-.795.406c-.3.254-.456.54-.463.852-.006.319.143.622.433.888l1.453 1.454.027.307h.342c.698.57 1.557.858 2.556.858.054 0 .108-.001.161-.003.94-.028 1.781-.294 2.506-.79l.09.089.34-.34c.028-.03.068-.076.118-.144l6.684-6.658C23.607 8.372 24 7.368 24 6.195c0-1.181-.429-2.19-1.266-2.994m-11.47 15.714c.313.308.45.604.45.915 0 .31-.137.607-.41.88l-2.056 2.054C8.424 23.59 7.432 24 6.285 24c-1.144 0-2.149-.408-2.988-1.213L1.22 20.71C.41 19.864 0 18.859 0 17.715c0-1.147.41-2.14 1.22-2.95l6.795-6.794a4.035 4.035 0 012.95-1.221c1.147 0 2.14.41 2.95 1.22l1.574 1.576c.271.227.427.514.433.825.006.319-.143.622-.447.902-.47.474-1.242.443-1.7-.013L12.2 9.685c-.662-.663-1.765-.658-2.484.012L2.934 16.48a1.775 1.775 0 00-.489 1.258c0 .487.16.883.49 1.213l2.114 2.115c.663.662 1.764.657 2.484-.012l2.054-2.1c.15-.15.413-.324.837-.324.322 0 .604.096.84.285"
                      mask="url(#mask-2)"
                >
                </path>
              </g>
            </svg>
          </span>
        </bolt-icon>
        <span class="c-bolt-copy-to-clipboard__action-text">
          Copy Link
        </span>
      </div>
    </button>
    <span class="c-bolt-copy-to-clipboard__transition">
      Custom transition text
    </span>
    <span class="c-bolt-copy-to-clipboard__confirmation">
      <div class="c-bolt-copy-to-clipboard__info js-bolt-copy-to-clipboard__trigger">
        <bolt-icon name="check"
                   size="medium"
        >
          <span class="c-bolt-icon c-bolt-icon--check c-bolt-icon--medium">
            <svg class="c-bolt-icon__icon c-bolt-icon__icon--medium"
                 xmlns="http://www.w3.org/2000/svg"
                 viewbox="0 0 24 24"
            >
              <g fill="none"
                 fill-rule="evenodd"
              >
                <path>
                </path>
                <path fill="var(--bolt-icon-primary-color)"
                      d="M19.292 6.29L8.998 16.584 4.703 12.29a1.004 1.004 0 00-1.412 0 1.002 1.002 0 000 1.413l5 5a.995.995 0 001.411 0l11-11a.99.99 0 000-1.413 1.001 1.001 0 00-1.41 0z"
                >
                </path>
              </g>
            </svg>
          </span>
        </bolt-icon>
        Copied!
      </div>
    </span>
  </span>
</bolt-copy-to-clipboard>
`;

exports[`<bolt-copy-to-clipboard> Component custom trigger component 1`] = `
<bolt-copy-to-clipboard>
  <span class="c-bolt-copy-to-clipboard js-bolt-copy-to-clipboard">
    <button class="c-bolt-copy-to-clipboard__trigger"
            data-clipboard-text="https://boltdesignsystem.com/#link-1"
    >
      <bolt-icon name="add-open"
                 size="medium"
                 background="circle"
      >
        <span class="c-bolt-icon c-bolt-icon--add-open c-bolt-icon--medium  has-background has-circle-background">
          <svg class="c-bolt-icon__icon c-bolt-icon__icon--medium"
               xmlns="http://www.w3.org/2000/svg"
               viewbox="0 0 24 24"
          >
            <g fill="none"
               fill-rule="evenodd"
            >
              <path>
              </path>
              <g fill="var(--bolt-icon-primary-color)">
                <path d="M12 21c-4.962 0-9-4.038-9-9s4.038-9 9-9 9 4.038 9 9-4.038 9-9 9m0-20C5.937 1 1 5.938 1 12s4.938 11 11 11 11-4.938 11-11S18.062 1 12 1">
                </path>
                <path d="M16 11h-3V8c0-.55-.45-1-1-1s-1 .45-1 1v3H8c-.55 0-1 .45-1 1s.45 1 1 1h3v3c0 .55.45 1 1 1s1-.45 1-1v-3h3c.55 0 1-.45 1-1s-.45-1-1-1">
                </path>
              </g>
            </g>
          </svg>
          <span class="c-bolt-icon__background-shape c-bolt-icon__background-shape--circle">
          </span>
        </span>
      </bolt-icon>
    </button>
    <span class="c-bolt-copy-to-clipboard__transition">
      <span class="c-bolt-copy-to-clipboard__transition-animation">
        <bolt-icon name="refresh"
                   size="medium"
        >
          <span class="c-bolt-icon c-bolt-icon--refresh c-bolt-icon--medium">
            <svg class="c-bolt-icon__icon c-bolt-icon__icon--medium"
                 xmlns="http://www.w3.org/2000/svg"
                 viewbox="0 0 24 24"
            >
              <g fill="none"
                 fill-rule="evenodd"
              >
                <path>
                </path>
                <g fill="var(--bolt-icon-primary-color)"
                   fill-rule="nonzero"
                >
                  <path d="M24 4.5c0-.55-.45-1-1-1s-1 .45-1 1v3.687l-2.944-2.769a9.939 9.939 0 00-7.062-2.919 9.9 9.9 0 00-5.806 1.863 10.09 10.09 0 00-3.619 4.8 1 1 0 001.881.681 8.164 8.164 0 012.9-3.85 7.923 7.923 0 014.644-1.494c2.138 0 4.15.831 5.656 2.344a.094.094 0 00.025.019l2.8 2.631H17c-.55 0-1 .45-1 1s.45 1 1 1h6.099a.86.86 0 00.262-.063.969.969 0 00.369-.25.984.984 0 00.206-.331c0-.006 0-.006.006-.012v-.006-.006-.006-.006c0-.006 0-.006.006-.012.025-.075.044-.162.05-.244v-.006-.006-.012-.012-.012-.006-6L24 4.5zM20.813 14.625a1 1 0 00-1.281.6 8.035 8.035 0 01-7.525 5.275 7.93 7.93 0 01-5.656-2.344c-.006-.006-.012-.012-.025-.019l-2.8-2.637h3.475c.55 0 1-.45 1-1s-.45-1-1-1h-6a.975.975 0 00-.425.094s-.006 0-.006.006c0 0-.006 0-.006.006-.006 0-.006.006-.012.006a1.16 1.16 0 00-.225.156l-.006.006s-.006 0-.006.006l-.006.006-.006.006-.006.006c-.025.025-.044.05-.069.075a.866.866 0 00-.125.206c0 .006 0 .006-.006.012 0 0 0 .006-.006.006v.012s0 .006-.006.006c-.038.1-.063.213-.069.325v6.042c0 .55.45 1 1 1s1-.45 1-1v-3.687l2.944 2.769a9.939 9.939 0 007.062 2.919c4.194 0 7.975-2.65 9.406-6.594a1.008 1.008 0 00-.612-1.269l-.003.005z">
                  </path>
                </g>
              </g>
            </svg>
          </span>
        </bolt-icon>
      </span>
    </span>
    <span class="c-bolt-copy-to-clipboard__confirmation">
      <div class="c-bolt-copy-to-clipboard__info js-bolt-copy-to-clipboard__trigger">
        <bolt-icon name="check"
                   size="medium"
        >
          <span class="c-bolt-icon c-bolt-icon--check c-bolt-icon--medium">
            <svg class="c-bolt-icon__icon c-bolt-icon__icon--medium"
                 xmlns="http://www.w3.org/2000/svg"
                 viewbox="0 0 24 24"
            >
              <g fill="none"
                 fill-rule="evenodd"
              >
                <path>
                </path>
                <path fill="var(--bolt-icon-primary-color)"
                      d="M19.292 6.29L8.998 16.584 4.703 12.29a1.004 1.004 0 00-1.412 0 1.002 1.002 0 000 1.413l5 5a.995.995 0 001.411 0l11-11a.99.99 0 000-1.413 1.001 1.001 0 00-1.41 0z"
                >
                </path>
              </g>
            </svg>
          </span>
        </bolt-icon>
        Copied!
      </div>
    </span>
  </span>
</bolt-copy-to-clipboard>
`;

exports[`<bolt-copy-to-clipboard> Component custom trigger text 1`] = `
<bolt-copy-to-clipboard>
  <span class="c-bolt-copy-to-clipboard js-bolt-copy-to-clipboard">
    <button class="c-bolt-copy-to-clipboard__trigger"
            data-clipboard-text="https://boltdesignsystem.com/#link-1"
    >
      <div class="c-bolt-copy-to-clipboard__action">
        <bolt-icon name="asset-link"
                   size="medium"
        >
          <span class="c-bolt-icon c-bolt-icon--asset-link c-bolt-icon--medium">
            <svg class="c-bolt-icon__icon c-bolt-icon__icon--medium"
                 xmlns="http://www.w3.org/2000/svg"
                 viewbox="0 0 24 24"
            >
              <g fill="none"
                 fill-rule="evenodd"
              >
                <path fill="var(--bolt-icon-primary-color)"
                      d="M22.734 3.2l-1.929-1.927C19.996.428 18.986 0 17.805 0c-1.174 0-2.178.393-2.999 1.18l-2.05 2.096c-.276.253-.419.535-.426.84-.007.31.131.61.41.889a1.2 1.2 0 001.714 0l2.07-2.07c.327-.327.781-.476 1.27-.467.537.012.96.179 1.292.512l1.947 1.947c.351.328.521.742.521 1.268 0 .533-.16.95-.489 1.28l-6.524 6.526c-.369.367-.848.565-1.468.603-.604.036-1.017-.098-1.319-.423l-.804-.804-.668-.668c-.28-.303-.575-.447-.902-.446a1.063 1.063 0 00-.795.406c-.3.254-.456.54-.463.852-.006.319.143.622.433.888l1.453 1.454.027.307h.342c.698.57 1.557.858 2.556.858.054 0 .108-.001.161-.003.94-.028 1.781-.294 2.506-.79l.09.089.34-.34c.028-.03.068-.076.118-.144l6.684-6.658C23.607 8.372 24 7.368 24 6.195c0-1.181-.429-2.19-1.266-2.994m-11.47 15.714c.313.308.45.604.45.915 0 .31-.137.607-.41.88l-2.056 2.054C8.424 23.59 7.432 24 6.285 24c-1.144 0-2.149-.408-2.988-1.213L1.22 20.71C.41 19.864 0 18.859 0 17.715c0-1.147.41-2.14 1.22-2.95l6.795-6.794a4.035 4.035 0 012.95-1.221c1.147 0 2.14.41 2.95 1.22l1.574 1.576c.271.227.427.514.433.825.006.319-.143.622-.447.902-.47.474-1.242.443-1.7-.013L12.2 9.685c-.662-.663-1.765-.658-2.484.012L2.934 16.48a1.775 1.775 0 00-.489 1.258c0 .487.16.883.49 1.213l2.114 2.115c.663.662 1.764.657 2.484-.012l2.054-2.1c.15-.15.413-.324.837-.324.322 0 .604.096.84.285"
                      mask="url(#mask-2)"
                >
                </path>
              </g>
            </svg>
          </span>
        </bolt-icon>
        <span class="c-bolt-copy-to-clipboard__action-text">
          This is custom trigger text
        </span>
      </div>
    </button>
    <span class="c-bolt-copy-to-clipboard__transition">
      <span class="c-bolt-copy-to-clipboard__transition-animation">
        <bolt-icon name="refresh"
                   size="medium"
        >
          <span class="c-bolt-icon c-bolt-icon--refresh c-bolt-icon--medium">
            <svg class="c-bolt-icon__icon c-bolt-icon__icon--medium"
                 xmlns="http://www.w3.org/2000/svg"
                 viewbox="0 0 24 24"
            >
              <g fill="none"
                 fill-rule="evenodd"
              >
                <path>
                </path>
                <g fill="var(--bolt-icon-primary-color)"
                   fill-rule="nonzero"
                >
                  <path d="M24 4.5c0-.55-.45-1-1-1s-1 .45-1 1v3.687l-2.944-2.769a9.939 9.939 0 00-7.062-2.919 9.9 9.9 0 00-5.806 1.863 10.09 10.09 0 00-3.619 4.8 1 1 0 001.881.681 8.164 8.164 0 012.9-3.85 7.923 7.923 0 014.644-1.494c2.138 0 4.15.831 5.656 2.344a.094.094 0 00.025.019l2.8 2.631H17c-.55 0-1 .45-1 1s.45 1 1 1h6.099a.86.86 0 00.262-.063.969.969 0 00.369-.25.984.984 0 00.206-.331c0-.006 0-.006.006-.012v-.006-.006-.006-.006c0-.006 0-.006.006-.012.025-.075.044-.162.05-.244v-.006-.006-.012-.012-.012-.006-6L24 4.5zM20.813 14.625a1 1 0 00-1.281.6 8.035 8.035 0 01-7.525 5.275 7.93 7.93 0 01-5.656-2.344c-.006-.006-.012-.012-.025-.019l-2.8-2.637h3.475c.55 0 1-.45 1-1s-.45-1-1-1h-6a.975.975 0 00-.425.094s-.006 0-.006.006c0 0-.006 0-.006.006-.006 0-.006.006-.012.006a1.16 1.16 0 00-.225.156l-.006.006s-.006 0-.006.006l-.006.006-.006.006-.006.006c-.025.025-.044.05-.069.075a.866.866 0 00-.125.206c0 .006 0 .006-.006.012 0 0 0 .006-.006.006v.012s0 .006-.006.006c-.038.1-.063.213-.069.325v6.042c0 .55.45 1 1 1s1-.45 1-1v-3.687l2.944 2.769a9.939 9.939 0 007.062 2.919c4.194 0 7.975-2.65 9.406-6.594a1.008 1.008 0 00-.612-1.269l-.003.005z">
                  </path>
                </g>
              </g>
            </svg>
          </span>
        </bolt-icon>
      </span>
    </span>
    <span class="c-bolt-copy-to-clipboard__confirmation">
      <div class="c-bolt-copy-to-clipboard__info js-bolt-copy-to-clipboard__trigger">
        <bolt-icon name="check"
                   size="medium"
        >
          <span class="c-bolt-icon c-bolt-icon--check c-bolt-icon--medium">
            <svg class="c-bolt-icon__icon c-bolt-icon__icon--medium"
                 xmlns="http://www.w3.org/2000/svg"
                 viewbox="0 0 24 24"
            >
              <g fill="none"
                 fill-rule="evenodd"
              >
                <path>
                </path>
                <path fill="var(--bolt-icon-primary-color)"
                      d="M19.292 6.29L8.998 16.584 4.703 12.29a1.004 1.004 0 00-1.412 0 1.002 1.002 0 000 1.413l5 5a.995.995 0 001.411 0l11-11a.99.99 0 000-1.413 1.001 1.001 0 00-1.41 0z"
                >
                </path>
              </g>
            </svg>
          </span>
        </bolt-icon>
        Copied!
      </div>
    </span>
  </span>
</bolt-copy-to-clipboard>
`;

exports[`<bolt-copy-to-clipboard> Component custom trigger, transition, and confirmation text 1`] = `
<bolt-copy-to-clipboard>
  <span class="c-bolt-copy-to-clipboard js-bolt-copy-to-clipboard">
    <button class="c-bolt-copy-to-clipboard__trigger"
            data-clipboard-text="https://boltdesignsystem.com/#custom-transition"
    >
      Custom trigger
    </button>
    <span class="c-bolt-copy-to-clipboard__transition">
      Custom transition
    </span>
    <span class="c-bolt-copy-to-clipboard__confirmation">
      Custom confirmation
    </span>
  </span>
</bolt-copy-to-clipboard>
`;

exports[`<bolt-copy-to-clipboard> Component multiple instances 1`] = `
<bolt-copy-to-clipboard>
  <span class="c-bolt-copy-to-clipboard js-bolt-copy-to-clipboard">
    <button class="c-bolt-copy-to-clipboard__trigger"
            data-clipboard-text="https://boltdesignsystem.com/#link-1"
    >
      <div class="c-bolt-copy-to-clipboard__action">
        <bolt-icon name="asset-link"
                   size="medium"
        >
          <span class="c-bolt-icon c-bolt-icon--asset-link c-bolt-icon--medium">
            <svg class="c-bolt-icon__icon c-bolt-icon__icon--medium"
                 xmlns="http://www.w3.org/2000/svg"
                 viewbox="0 0 24 24"
            >
              <g fill="none"
                 fill-rule="evenodd"
              >
                <path fill="var(--bolt-icon-primary-color)"
                      d="M22.734 3.2l-1.929-1.927C19.996.428 18.986 0 17.805 0c-1.174 0-2.178.393-2.999 1.18l-2.05 2.096c-.276.253-.419.535-.426.84-.007.31.131.61.41.889a1.2 1.2 0 001.714 0l2.07-2.07c.327-.327.781-.476 1.27-.467.537.012.96.179 1.292.512l1.947 1.947c.351.328.521.742.521 1.268 0 .533-.16.95-.489 1.28l-6.524 6.526c-.369.367-.848.565-1.468.603-.604.036-1.017-.098-1.319-.423l-.804-.804-.668-.668c-.28-.303-.575-.447-.902-.446a1.063 1.063 0 00-.795.406c-.3.254-.456.54-.463.852-.006.319.143.622.433.888l1.453 1.454.027.307h.342c.698.57 1.557.858 2.556.858.054 0 .108-.001.161-.003.94-.028 1.781-.294 2.506-.79l.09.089.34-.34c.028-.03.068-.076.118-.144l6.684-6.658C23.607 8.372 24 7.368 24 6.195c0-1.181-.429-2.19-1.266-2.994m-11.47 15.714c.313.308.45.604.45.915 0 .31-.137.607-.41.88l-2.056 2.054C8.424 23.59 7.432 24 6.285 24c-1.144 0-2.149-.408-2.988-1.213L1.22 20.71C.41 19.864 0 18.859 0 17.715c0-1.147.41-2.14 1.22-2.95l6.795-6.794a4.035 4.035 0 012.95-1.221c1.147 0 2.14.41 2.95 1.22l1.574 1.576c.271.227.427.514.433.825.006.319-.143.622-.447.902-.47.474-1.242.443-1.7-.013L12.2 9.685c-.662-.663-1.765-.658-2.484.012L2.934 16.48a1.775 1.775 0 00-.489 1.258c0 .487.16.883.49 1.213l2.114 2.115c.663.662 1.764.657 2.484-.012l2.054-2.1c.15-.15.413-.324.837-.324.322 0 .604.096.84.285"
                      mask="url(#mask-2)"
                >
                </path>
              </g>
            </svg>
          </span>
        </bolt-icon>
        <span class="c-bolt-copy-to-clipboard__action-text">
          Copy Link #1
        </span>
      </div>
    </button>
    <span class="c-bolt-copy-to-clipboard__transition">
      <span class="c-bolt-copy-to-clipboard__transition-animation">
        <bolt-icon name="refresh"
                   size="medium"
        >
          <span class="c-bolt-icon c-bolt-icon--refresh c-bolt-icon--medium">
            <svg class="c-bolt-icon__icon c-bolt-icon__icon--medium"
                 xmlns="http://www.w3.org/2000/svg"
                 viewbox="0 0 24 24"
            >
              <g fill="none"
                 fill-rule="evenodd"
              >
                <path>
                </path>
                <g fill="var(--bolt-icon-primary-color)"
                   fill-rule="nonzero"
                >
                  <path d="M24 4.5c0-.55-.45-1-1-1s-1 .45-1 1v3.687l-2.944-2.769a9.939 9.939 0 00-7.062-2.919 9.9 9.9 0 00-5.806 1.863 10.09 10.09 0 00-3.619 4.8 1 1 0 001.881.681 8.164 8.164 0 012.9-3.85 7.923 7.923 0 014.644-1.494c2.138 0 4.15.831 5.656 2.344a.094.094 0 00.025.019l2.8 2.631H17c-.55 0-1 .45-1 1s.45 1 1 1h6.099a.86.86 0 00.262-.063.969.969 0 00.369-.25.984.984 0 00.206-.331c0-.006 0-.006.006-.012v-.006-.006-.006-.006c0-.006 0-.006.006-.012.025-.075.044-.162.05-.244v-.006-.006-.012-.012-.012-.006-6L24 4.5zM20.813 14.625a1 1 0 00-1.281.6 8.035 8.035 0 01-7.525 5.275 7.93 7.93 0 01-5.656-2.344c-.006-.006-.012-.012-.025-.019l-2.8-2.637h3.475c.55 0 1-.45 1-1s-.45-1-1-1h-6a.975.975 0 00-.425.094s-.006 0-.006.006c0 0-.006 0-.006.006-.006 0-.006.006-.012.006a1.16 1.16 0 00-.225.156l-.006.006s-.006 0-.006.006l-.006.006-.006.006-.006.006c-.025.025-.044.05-.069.075a.866.866 0 00-.125.206c0 .006 0 .006-.006.012 0 0 0 .006-.006.006v.012s0 .006-.006.006c-.038.1-.063.213-.069.325v6.042c0 .55.45 1 1 1s1-.45 1-1v-3.687l2.944 2.769a9.939 9.939 0 007.062 2.919c4.194 0 7.975-2.65 9.406-6.594a1.008 1.008 0 00-.612-1.269l-.003.005z">
                  </path>
                </g>
              </g>
            </svg>
          </span>
        </bolt-icon>
      </span>
    </span>
    <span class="c-bolt-copy-to-clipboard__confirmation">
      <div class="c-bolt-copy-to-clipboard__info js-bolt-copy-to-clipboard__trigger">
        <bolt-icon name="check"
                   size="medium"
        >
          <span class="c-bolt-icon c-bolt-icon--check c-bolt-icon--medium">
            <svg class="c-bolt-icon__icon c-bolt-icon__icon--medium"
                 xmlns="http://www.w3.org/2000/svg"
                 viewbox="0 0 24 24"
            >
              <g fill="none"
                 fill-rule="evenodd"
              >
                <path>
                </path>
                <path fill="var(--bolt-icon-primary-color)"
                      d="M19.292 6.29L8.998 16.584 4.703 12.29a1.004 1.004 0 00-1.412 0 1.002 1.002 0 000 1.413l5 5a.995.995 0 001.411 0l11-11a.99.99 0 000-1.413 1.001 1.001 0 00-1.41 0z"
                >
                </path>
              </g>
            </svg>
          </span>
        </bolt-icon>
        Copied!
      </div>
    </span>
  </span>
</bolt-copy-to-clipboard>
<bolt-copy-to-clipboard>
  <span class="c-bolt-copy-to-clipboard js-bolt-copy-to-clipboard">
    <button class="c-bolt-copy-to-clipboard__trigger"
            data-clipboard-text="https://boltdesignsystem.com/#link-2"
    >
      <div class="c-bolt-copy-to-clipboard__action">
        <bolt-icon name="asset-link"
                   size="medium"
        >
          <span class="c-bolt-icon c-bolt-icon--asset-link c-bolt-icon--medium">
            <svg class="c-bolt-icon__icon c-bolt-icon__icon--medium"
                 xmlns="http://www.w3.org/2000/svg"
                 viewbox="0 0 24 24"
            >
              <g fill="none"
                 fill-rule="evenodd"
              >
                <path fill="var(--bolt-icon-primary-color)"
                      d="M22.734 3.2l-1.929-1.927C19.996.428 18.986 0 17.805 0c-1.174 0-2.178.393-2.999 1.18l-2.05 2.096c-.276.253-.419.535-.426.84-.007.31.131.61.41.889a1.2 1.2 0 001.714 0l2.07-2.07c.327-.327.781-.476 1.27-.467.537.012.96.179 1.292.512l1.947 1.947c.351.328.521.742.521 1.268 0 .533-.16.95-.489 1.28l-6.524 6.526c-.369.367-.848.565-1.468.603-.604.036-1.017-.098-1.319-.423l-.804-.804-.668-.668c-.28-.303-.575-.447-.902-.446a1.063 1.063 0 00-.795.406c-.3.254-.456.54-.463.852-.006.319.143.622.433.888l1.453 1.454.027.307h.342c.698.57 1.557.858 2.556.858.054 0 .108-.001.161-.003.94-.028 1.781-.294 2.506-.79l.09.089.34-.34c.028-.03.068-.076.118-.144l6.684-6.658C23.607 8.372 24 7.368 24 6.195c0-1.181-.429-2.19-1.266-2.994m-11.47 15.714c.313.308.45.604.45.915 0 .31-.137.607-.41.88l-2.056 2.054C8.424 23.59 7.432 24 6.285 24c-1.144 0-2.149-.408-2.988-1.213L1.22 20.71C.41 19.864 0 18.859 0 17.715c0-1.147.41-2.14 1.22-2.95l6.795-6.794a4.035 4.035 0 012.95-1.221c1.147 0 2.14.41 2.95 1.22l1.574 1.576c.271.227.427.514.433.825.006.319-.143.622-.447.902-.47.474-1.242.443-1.7-.013L12.2 9.685c-.662-.663-1.765-.658-2.484.012L2.934 16.48a1.775 1.775 0 00-.489 1.258c0 .487.16.883.49 1.213l2.114 2.115c.663.662 1.764.657 2.484-.012l2.054-2.1c.15-.15.413-.324.837-.324.322 0 .604.096.84.285"
                      mask="url(#mask-2)"
                >
                </path>
              </g>
            </svg>
          </span>
        </bolt-icon>
        <span class="c-bolt-copy-to-clipboard__action-text">
          Copy Link #2
        </span>
      </div>
    </button>
    <span class="c-bolt-copy-to-clipboard__transition">
      <span class="c-bolt-copy-to-clipboard__transition-animation">
        <bolt-icon name="refresh"
                   size="medium"
        >
          <span class="c-bolt-icon c-bolt-icon--refresh c-bolt-icon--medium">
            <svg class="c-bolt-icon__icon c-bolt-icon__icon--medium"
                 xmlns="http://www.w3.org/2000/svg"
                 viewbox="0 0 24 24"
            >
              <g fill="none"
                 fill-rule="evenodd"
              >
                <path>
                </path>
                <g fill="var(--bolt-icon-primary-color)"
                   fill-rule="nonzero"
                >
                  <path d="M24 4.5c0-.55-.45-1-1-1s-1 .45-1 1v3.687l-2.944-2.769a9.939 9.939 0 00-7.062-2.919 9.9 9.9 0 00-5.806 1.863 10.09 10.09 0 00-3.619 4.8 1 1 0 001.881.681 8.164 8.164 0 012.9-3.85 7.923 7.923 0 014.644-1.494c2.138 0 4.15.831 5.656 2.344a.094.094 0 00.025.019l2.8 2.631H17c-.55 0-1 .45-1 1s.45 1 1 1h6.099a.86.86 0 00.262-.063.969.969 0 00.369-.25.984.984 0 00.206-.331c0-.006 0-.006.006-.012v-.006-.006-.006-.006c0-.006 0-.006.006-.012.025-.075.044-.162.05-.244v-.006-.006-.012-.012-.012-.006-6L24 4.5zM20.813 14.625a1 1 0 00-1.281.6 8.035 8.035 0 01-7.525 5.275 7.93 7.93 0 01-5.656-2.344c-.006-.006-.012-.012-.025-.019l-2.8-2.637h3.475c.55 0 1-.45 1-1s-.45-1-1-1h-6a.975.975 0 00-.425.094s-.006 0-.006.006c0 0-.006 0-.006.006-.006 0-.006.006-.012.006a1.16 1.16 0 00-.225.156l-.006.006s-.006 0-.006.006l-.006.006-.006.006-.006.006c-.025.025-.044.05-.069.075a.866.866 0 00-.125.206c0 .006 0 .006-.006.012 0 0 0 .006-.006.006v.012s0 .006-.006.006c-.038.1-.063.213-.069.325v6.042c0 .55.45 1 1 1s1-.45 1-1v-3.687l2.944 2.769a9.939 9.939 0 007.062 2.919c4.194 0 7.975-2.65 9.406-6.594a1.008 1.008 0 00-.612-1.269l-.003.005z">
                  </path>
                </g>
              </g>
            </svg>
          </span>
        </bolt-icon>
      </span>
    </span>
    <span class="c-bolt-copy-to-clipboard__confirmation">
      <div class="c-bolt-copy-to-clipboard__info js-bolt-copy-to-clipboard__trigger">
        <bolt-icon name="check"
                   size="medium"
        >
          <span class="c-bolt-icon c-bolt-icon--check c-bolt-icon--medium">
            <svg class="c-bolt-icon__icon c-bolt-icon__icon--medium"
                 xmlns="http://www.w3.org/2000/svg"
                 viewbox="0 0 24 24"
            >
              <g fill="none"
                 fill-rule="evenodd"
              >
                <path>
                </path>
                <path fill="var(--bolt-icon-primary-color)"
                      d="M19.292 6.29L8.998 16.584 4.703 12.29a1.004 1.004 0 00-1.412 0 1.002 1.002 0 000 1.413l5 5a.995.995 0 001.411 0l11-11a.99.99 0 000-1.413 1.001 1.001 0 00-1.41 0z"
                >
                </path>
              </g>
            </svg>
          </span>
        </bolt-icon>
        Copied!
      </div>
    </span>
  </span>
</bolt-copy-to-clipboard>
`;
